../Core/Src/mymain.c:36:6:mainloop	8	static
../Core/Src/mymain.c:59:6:ledsInit	8	static
../Core/Src/mymain.c:66:6:buttonsInit	8	static
../Core/Src/mymain.c:72:6:OnButtonClickTurnOnLed	24	static
../Core/Src/mymain.c:82:6:pressBuzzer	24	static
../Core/Src/mymain.c:95:5:_write	24	static
../Core/Src/mymain.c:101:6:HAL_TIM_PeriodElapsedCallback	16	static
../Core/Src/mymain.c:134:6:togglePin	16	static
../Core/Src/mymain.c:140:6:HAL_GPIO_EXTI_Callback	16	static
../Core/Src/mymain.c:157:6:checkPress	16	static
../Core/Src/mymain.c:178:6:HAL_TIM_PWM_PulseFinishedCallback	16	static
../Core/Src/mymain.c:187:5:commTask	16	static
../Core/Src/mymain.c:236:6:handleCommand	40	static
